<html>
<body>
<pre>
<h1>µVision Build Log</h1>
<h2>Tool Versions:</h2>
IDE-Version: ¶ÃVision V5.18.0.0
Copyright (C) 2016 ARM Ltd and ARM Germany GmbH. All rights reserved.
License Information: ≥Ã º—¿÷, 00, LIC=VGXGK-ZYGWQ-9U54U-SYVXH-QE6BT-8RH30
 
Tool Versions:
Toolchain:       MDK-ARM Standard  Version: 5.30.0.0
Toolchain Path:  D:\keil5\ARM\ARMCC\Bin
C Compiler:      Armcc.exe V5.06 update 6 (build 750)
Assembler:       Armasm.exe V5.06 update 6 (build 750)
Linker/Locator:  ArmLink.exe V5.06 update 6 (build 750)
Library Manager: ArmAr.exe V5.06 update 6 (build 750)
Hex Converter:   FromElf.exe V5.06 update 6 (build 750)
CPU DLL:         SARMCM3.DLL V5.30.0.0
Dialog DLL:      DCM.DLL V1.17.3.0
Target DLL:      CMSIS_AGDI.dll V1.32.5.0
Dialog DLL:      TCM.DLL V1.42.0.0
 
<h2>Project:</h2>
E:\project\stm32\Arm_Control_V1\MDK-ARM\Arm_Control_V1.uvprojx
Project File Date:  07/11/2023

<h2>Output:</h2>
*** Using Compiler 'V5.06 update 6 (build 750)', folder: 'D:\keil5\ARM\ARMCC\Bin'
Build target 'Arm_Control_V1'
compiling main.c...
../Core/Src/main.c(159): warning:  #111-D: statement is unreachable
  			UpdateArmPosture(&_ARM);
../Core/Src/main.c: 1 warning, 0 errors
compiling usart.c...
compiling 3-JointSolution.c...
..\USERCode\3-JointSolution.c(384): warning:  #870-D: invalid multibyte character sequence
  				printf("Â§ßËáÇÂä†ÈÄ?%dÊ≠•\r\n",_MYARM->pStepMotor2->stepAccelerationSet);
..\USERCode\3-JointSolution.c(387): warning:  #870-D: invalid multibyte character sequence
  				printf("Â∞èËáÇÂä†ÈÄ?%dÊ≠•\r\n",_MYARM->pStepMotor3->stepAccelerationSet);
..\USERCode\3-JointSolution.c: 2 warnings, 0 errors
linking...
Program Size: Code=25496 RO-data=704 RW-data=256 ZI-data=27176  
FromELF: creating hex file...
"Arm_Control_V1\Arm_Control_V1.axf" - 0 Error(s), 3 Warning(s).

<h2>Software Packages used:</h2>

Package Vendor: ARM
                http://www.keil.com/pack/ARM.CMSIS.5.7.0.pack
                ARM::CMSIS:CORE:5.4.0
                CMSIS (Cortex Microcontroller Software Interface Standard)
   * Component: CORE Version: 5.4.0
   * Component: DSP Variant: Library Version: 1.8.0

<h2>Collection of Component include folders:</h2>
  E:\project\stm32\Arm_Control_V1\MDK-ARM\RTE
  D:\keil5\ARM\CMSIS\5.7.0\CMSIS\Core\Include
  D:\keil5\ARM\CMSIS\5.7.0\CMSIS\DSP\Include
  D:\keil5\Keil\STM32F1xx_DFP\2.3.0\Device\Include

<h2>Collection of Component Files used:</h2>

   * Component: ARM::CMSIS:CORE:5.4.0
      Include file:  CMSIS\Core\Include\tz_context.h
      Source file:   CMSIS\Core\Template\ARMv8-M\main_s.c
      Source file:   CMSIS\Core\Template\ARMv8-M\tz_context.c

   * Component: ARM::CMSIS:DSP:Library:1.8.0
      Include file:  CMSIS\DSP\Include\arm_math.h
      Library file:  CMSIS\DSP\Lib\ARM\arm_cortexM3l_math.lib
Build Time Elapsed:  00:00:02
</pre>
</body>
</html>
